../Core/Src/Drivers/driver_sgp30.c:92:16:a_sgp30_iic_read	32	static
../Core/Src/Drivers/driver_sgp30.c:126:16:a_sgp30_iic_write	48	static
../Core/Src/Drivers/driver_sgp30.c:160:16:a_sgp30_generate_crc	24	static
../Core/Src/Drivers/driver_sgp30.c:196:9:sgp30_set_tvoc_baseline	32	static
../Core/Src/Drivers/driver_sgp30.c:237:9:sgp30_get_tvoc_inceptive_baseline	40	static
../Core/Src/Drivers/driver_sgp30.c:280:9:sgp30_iaq_init	32	static
../Core/Src/Drivers/driver_sgp30.c:315:9:sgp30_soft_reset	24	static
../Core/Src/Drivers/driver_sgp30.c:352:9:sgp30_get_serial_id	48	static
../Core/Src/Drivers/driver_sgp30.c:411:9:sgp30_measure_iaq	48	static
../Core/Src/Drivers/driver_sgp30.c:463:9:sgp30_get_iaq_baseline	48	static
../Core/Src/Drivers/driver_sgp30.c:515:9:sgp30_set_iaq_baseline	32	static
../Core/Src/Drivers/driver_sgp30.c:559:9:sgp30_set_absolute_humidity	32	static
../Core/Src/Drivers/driver_sgp30.c:602:9:sgp30_absolute_humidity_convert_to_register	56	static
../Core/Src/Drivers/driver_sgp30.c:634:9:sgp30_measure_test	40	static
../Core/Src/Drivers/driver_sgp30.c:679:9:sgp30_get_feature_set	48	static
../Core/Src/Drivers/driver_sgp30.c:725:9:sgp30_get_measure_raw	48	static
../Core/Src/Drivers/driver_sgp30.c:775:9:sgp30_init	16	static
../Core/Src/Drivers/driver_sgp30.c:838:9:sgp30_deinit	16	static
../Core/Src/Drivers/driver_sgp30.c:878:9:sgp30_read	48	static
../Core/Src/Drivers/driver_sgp30.c:931:9:sgp30_set_reg	32	static
../Core/Src/Drivers/driver_sgp30.c:958:9:sgp30_get_reg	32	static
../Core/Src/Drivers/driver_sgp30.c:980:9:sgp30_info	16	static
